// Jest Snapshot v1, https://goo.gl/fbAQLP

exports[`can format a list 1`] = `
"These are the items in the Star Wars Names:
 - QuiGon Jinn
 - Chewbacca
 - Han Solo
 - Luke Skywalker"
`;
